###############################################################################
#
# IAR C/C++ Compiler V9.30.1.3056 for 8051                21/Nov/2018  13:52:06
# Copyright 2004-2015 IAR Systems AB.
# Standalone license - IAR Embedded Workbench for 8051
#
#    Core               =  plain
#    Code model         =  banked
#    Data model         =  large
#    Calling convention =  xdata reentrant
#    Constant location  =  data_rom
#    Dptr setup         =  1,16
#                          
#    Source file        =  
#        D:\1.embedded\kit\cc2530\Reference\Z-Stack Mesh
#        1.0.0\Components\mac\low_level\srf04\single_chip\mac_rffrontend.c
#    Command line       =  
#        -f "D:\1.embedded\kit\cc2530\Reference\Z-Stack Mesh
#        1.0.0\Projects\zstack\ZNP\CC253x\..\Source\znp.cfg"
#        (-DMAC_CFG_APP_PENDING_QUEUE=TRUE
#        "-DZSTACK_DEVICE_BUILD=(DEVICE_BUILD_COORDINATOR | DEVICE_BUILD_ROUTER
#        | DEVICE_BUILD_ENDDEVICE)" -DNWK_AUTO_POLL -DZNP_RUN_WDOG=FALSE
#        -DZNP_UART_BAUD=HAL_UART_BR_115200 -DZIGBEEPRO -DZIGBEE_FRAGMENTATION
#        -DINTER_PAN -DOSAL_CLOCK -DOSAL_SAPI=FALSE -DSAPI_CB_FUNC=FALSE
#        -DHOLD_AUTO_START -DNV_RESTORE -DNV_INIT -DNUM_DISC_ATTEMPTS=0
#        -DMT_UTIL_FUNC -DMT_SYS_FUNC -DMT_AF_FUNC -DMT_SAPI_FUNC
#        -DMT_SAPI_CB_FUNC -DMT_ZDO_CB_FUNC -DMT_ZDO_FUNC -DMT_ZDO_MGMT
#        -DMT_ZDO_EXTENSIONS -DMT_APP_FUNC) -f
#        "D:\1.embedded\kit\cc2530\Reference\Z-Stack Mesh
#        1.0.0\Projects\zstack\ZNP\CC253x\..\..\Tools\CC2530DB\f8wConfig.cfg"
#        (-DZIGBEEPRO -DSECURE=1 -DZG_SECURE_DYNAMIC=0 -DREFLECTOR
#        -DDEFAULT_CHANLIST=0x00000800 -DZDAPP_CONFIG_PAN_ID=0xFFFF
#        -DNWK_START_DELAY=100 -DEXTENDED_JOINING_RANDOM_MASK=0x007F
#        -DBEACON_REQUEST_DELAY=100 -DBEACON_REQ_DELAY_MASK=0x00FF
#        -DLINK_STATUS_JITTER_MASK=0x007F -DROUTE_EXPIRY_TIME=30
#        -DAPSC_ACK_WAIT_DURATION_POLLED=3000 -DNWK_INDIRECT_MSG_TIMEOUT=7
#        -DMAX_RREQ_ENTRIES=8 -DAPSC_MAX_FRAME_RETRIES=3
#        -DNWK_MAX_DATA_RETRIES=2 -DMAX_POLL_FAILURE_RETRIES=2 -DMAX_BCAST=9
#        -DAPS_MAX_GROUPS=16 -DMAX_RTG_ENTRIES=40 -DNWK_MAX_BINDING_ENTRIES=4
#        -DMAX_BINDING_CLUSTER_IDS=4 "-DDEFAULT_KEY={0x01, 0x03, 0x05, 0x07,
#        0x09, 0x0B, 0x0D, 0x0F, 0x00, 0x02, 0x04, 0x06, 0x08, 0x0A, 0x0C,
#        0x0D}" -DMAC_MAX_FRAME_SIZE=116 -DZDNWKMGR_MIN_TRANSMISSIONS=20
#        "-DCONST=const __code" -DGENERIC=__generic -DRFD_RCVC_ALWAYS_ON=FALSE
#        -DPOLL_RATE=1000 -DQUEUED_POLL_RATE=100 -DRESPONSE_POLL_RATE=100
#        -DREJOIN_POLL_RATE=440) -f "D:\1.embedded\kit\cc2530\Reference\Z-Stack
#        Mesh 1.0.0\Projects\zstack\ZNP\CC253x\..\..\Tools\CC2530DB\f8wZCL.cfg"
#        "D:\1.embedded\kit\cc2530\Reference\Z-Stack Mesh
#        1.0.0\Components\mac\low_level\srf04\single_chip\mac_rffrontend.c" -D
#        FEATURE_SYSTEM_STATS -D POWER_SAVING -lC
#        "D:\1.embedded\kit\cc2530\Reference\Z-Stack Mesh
#        1.0.0\Projects\zstack\ZNP\CC253x\CC2530-Debug\List" -lA
#        "D:\1.embedded\kit\cc2530\Reference\Z-Stack Mesh
#        1.0.0\Projects\zstack\ZNP\CC253x\CC2530-Debug\List" --diag_suppress
#        Pe001,Pa010 -o "D:\1.embedded\kit\cc2530\Reference\Z-Stack Mesh
#        1.0.0\Projects\zstack\ZNP\CC253x\CC2530-Debug\Obj" -e --no_code_motion
#        --debug --core=plain --dptr=16,1 --data_model=large
#        --code_model=banked --calling_convention=xdata_reentrant
#        --place_constants=data_rom --nr_virtual_regs 16 -I
#        "D:\1.embedded\kit\cc2530\Reference\Z-Stack Mesh
#        1.0.0\Projects\zstack\ZNP\CC253x\" -I
#        "D:\1.embedded\kit\cc2530\Reference\Z-Stack Mesh
#        1.0.0\Projects\zstack\ZNP\CC253x\Source\" -I
#        "D:\1.embedded\kit\cc2530\Reference\Z-Stack Mesh
#        1.0.0\Projects\zstack\ZNP\CC253x\..\Source\" -I
#        "D:\1.embedded\kit\cc2530\Reference\Z-Stack Mesh
#        1.0.0\Projects\zstack\ZNP\CC253x\..\..\SE\Source\" -I
#        "D:\1.embedded\kit\cc2530\Reference\Z-Stack Mesh
#        1.0.0\Projects\zstack\ZNP\CC253x\..\..\ZMain\TI2530ZNP\" -I
#        "D:\1.embedded\kit\cc2530\Reference\Z-Stack Mesh
#        1.0.0\Projects\zstack\ZNP\CC253x\..\..\..\..\Components\hal\include\"
#        -I "D:\1.embedded\kit\cc2530\Reference\Z-Stack Mesh
#        1.0.0\Projects\zstack\ZNP\CC253x\..\..\..\..\Components\hal\target\CC2530ZNP\"
#        -I "D:\1.embedded\kit\cc2530\Reference\Z-Stack Mesh
#        1.0.0\Projects\zstack\ZNP\CC253x\..\..\..\..\Components\mac\include\"
#        -I "D:\1.embedded\kit\cc2530\Reference\Z-Stack Mesh
#        1.0.0\Projects\zstack\ZNP\CC253x\..\..\..\..\Components\mac\high_level\"
#        -I "D:\1.embedded\kit\cc2530\Reference\Z-Stack Mesh
#        1.0.0\Projects\zstack\ZNP\CC253x\..\..\..\..\Components\mac\low_level\srf04\"
#        -I "D:\1.embedded\kit\cc2530\Reference\Z-Stack Mesh
#        1.0.0\Projects\zstack\ZNP\CC253x\..\..\..\..\Components\mac\low_level\srf04\single_chip\"
#        -I "D:\1.embedded\kit\cc2530\Reference\Z-Stack Mesh
#        1.0.0\Projects\zstack\ZNP\CC253x\..\..\..\..\Components\mt\" -I
#        "D:\1.embedded\kit\cc2530\Reference\Z-Stack Mesh
#        1.0.0\Projects\zstack\ZNP\CC253x\..\..\..\..\Components\osal\include\"
#        -I "D:\1.embedded\kit\cc2530\Reference\Z-Stack Mesh
#        1.0.0\Projects\zstack\ZNP\CC253x\..\..\..\..\Components\services\saddr\"
#        -I "D:\1.embedded\kit\cc2530\Reference\Z-Stack Mesh
#        1.0.0\Projects\zstack\ZNP\CC253x\..\..\..\..\Components\services\sdata\"
#        -I "D:\1.embedded\kit\cc2530\Reference\Z-Stack Mesh
#        1.0.0\Projects\zstack\ZNP\CC253x\..\..\..\..\Components\stack\af\" -I
#        "D:\1.embedded\kit\cc2530\Reference\Z-Stack Mesh
#        1.0.0\Projects\zstack\ZNP\CC253x\..\..\..\..\Components\stack\nwk\" -I
#        "D:\1.embedded\kit\cc2530\Reference\Z-Stack Mesh
#        1.0.0\Projects\zstack\ZNP\CC253x\..\..\..\..\Components\stack\sapi\"
#        -I "D:\1.embedded\kit\cc2530\Reference\Z-Stack Mesh
#        1.0.0\Projects\zstack\ZNP\CC253x\..\..\..\..\Components\stack\sec\" -I
#        "D:\1.embedded\kit\cc2530\Reference\Z-Stack Mesh
#        1.0.0\Projects\zstack\ZNP\CC253x\..\..\..\..\Components\stack\sys\" -I
#        "D:\1.embedded\kit\cc2530\Reference\Z-Stack Mesh
#        1.0.0\Projects\zstack\ZNP\CC253x\..\..\..\..\Components\stack\zcl\" -I
#        "D:\1.embedded\kit\cc2530\Reference\Z-Stack Mesh
#        1.0.0\Projects\zstack\ZNP\CC253x\..\..\..\..\Components\stack\zdo\" -I
#        "D:\1.embedded\kit\cc2530\Reference\Z-Stack Mesh
#        1.0.0\Projects\zstack\ZNP\CC253x\..\..\..\..\Components\zmac\" -I
#        "D:\1.embedded\kit\cc2530\Reference\Z-Stack Mesh
#        1.0.0\Projects\zstack\ZNP\CC253x\..\..\..\..\Components\zmac\f8w\"
#        -Ohz --require_prototypes
#    List file          =  
#        D:\1.embedded\kit\cc2530\Reference\Z-Stack Mesh
#        1.0.0\Projects\zstack\ZNP\CC253x\CC2530-Debug\List\mac_rffrontend.lst
#    Object file        =  
#        D:\1.embedded\kit\cc2530\Reference\Z-Stack Mesh
#        1.0.0\Projects\zstack\ZNP\CC253x\CC2530-Debug\Obj\mac_rffrontend.r51
#
###############################################################################

D:\1.embedded\kit\cc2530\Reference\Z-Stack Mesh 1.0.0\Components\mac\low_level\srf04\single_chip\mac_rffrontend.c
      1          /**************************************************************************************************
      2            Filename:       mac_rffrontend.c
      3            Revised:        $Date: 2014-06-03 17:03:00 -0700 (Tue, 03 Jun 2014) $
      4            Revision:       $Revision: 38779 $
      5          
      6            Description:    RF frontend configuration module
      7          
      8          
      9            Copyright 2009-2014 Texas Instruments Incorporated. All rights reserved.
     10          
     11            IMPORTANT: Your use of this Software is limited to those specific rights
     12            granted under the terms of a software license agreement between the user
     13            who downloaded the software, his/her employer (which must be your employer)
     14            and Texas Instruments Incorporated (the "License").  You may not use this
     15            Software unless you agree to abide by the terms of the License. The License
     16            limits your use, and you acknowledge, that the Software may not be modified,
     17            copied or distributed unless embedded on a Texas Instruments microcontroller
     18            or used solely and exclusively in conjunction with a Texas Instruments radio
     19            frequency transceiver, which is integrated into your product.  Other than for
     20            the foregoing purpose, you may not use, reproduce, copy, prepare derivative
     21            works of, modify, distribute, perform, display or sell this Software and/or
     22            its documentation for any purpose.
     23          
     24            YOU FURTHER ACKNOWLEDGE AND AGREE THAT THE SOFTWARE AND DOCUMENTATION ARE
     25            PROVIDED “AS IS” WITHOUT WARRANTY OF ANY KIND, EITHER EXPRESS OR IMPLIED,
     26            INCLUDING WITHOUT LIMITATION, ANY WARRANTY OF MERCHANTABILITY, TITLE,
     27            NON-INFRINGEMENT AND FITNESS FOR A PARTICULAR PURPOSE. IN NO EVENT SHALL
     28            TEXAS INSTRUMENTS OR ITS LICENSORS BE LIABLE OR OBLIGATED UNDER CONTRACT,
     29            NEGLIGENCE, STRICT LIABILITY, CONTRIBUTION, BREACH OF WARRANTY, OR OTHER
     30            LEGAL EQUITABLE THEORY ANY DIRECT OR INDIRECT DAMAGES OR EXPENSES
     31            INCLUDING BUT NOT LIMITED TO ANY INCIDENTAL, SPECIAL, INDIRECT, PUNITIVE
     32            OR CONSEQUENTIAL DAMAGES, LOST PROFITS OR LOST DATA, COST OF PROCUREMENT
     33            OF SUBSTITUTE GOODS, TECHNOLOGY, SERVICES, OR ANY CLAIMS BY THIRD PARTIES
     34            (INCLUDING BUT NOT LIMITED TO ANY DEFENSE THEREOF), OR OTHER SIMILAR COSTS.
     35          
     36            Should you have any questions regarding your right to use this Software,
     37            contact Texas Instruments Incorporated at www.TI.com.
     38          **************************************************************************************************/
     39          
     40          /* ------------------------------------------------------------------------------------------------
     41           *                                             Includes
     42           * ------------------------------------------------------------------------------------------------
     43           */
     44          #include "hal_types.h"
     45          #include "hal_board_cfg.h"

   \                                 In  segment SFR_AN, at 0x80
   \   union <unnamed> volatile __sfr _A_P0
   \                     _A_P0:
   \   000000                DS 1
     46          #include "hal_assert.h"
     47          #include "mac_api.h"
     48          #include "mac_radio_defs.h"
     49          
     50          
     51          /* ------------------------------------------------------------------------------------------------
     52           *                                        Global Constants
     53           * ------------------------------------------------------------------------------------------------
     54           */
     55          
     56          /* The following table index definitions are specific to
     57           * a build with all MAC_RUNTIME_CC2590, MAC_RUNTIME_CC2591, 
     58           * MAC_RUNTIME_CC2592 and MAC_RUNTIME_SE2431L
     59           * compile flags defined. */
     60          #define MAC_CC2591_TX_PWR_TABLE_IDX   1
     61          #define MAC_CC2590_TX_PWR_TABLE_IDX   2
     62          #define MAC_SE2431_TX_PWR_TABLE_IDX   3
     63          #define MAC_CC2592_TX_PWR_TABLE_IDX   4
     64             
     65          #define MAC_CC2591_HGM_RSSI_ADJ_IDX    1
     66          #define MAC_CC2591_LGM_RSSI_ADJ_IDX    2
     67          #define MAC_CC2590_HGM_RSSI_ADJ_IDX    3
     68          #define MAC_CC2590_LGM_RSSI_ADJ_IDX    4
     69          #define MAC_SE2431L_HGM_RSSI_ADJ_IDX   5
     70          #define MAC_SE2431L_LGM_RSSI_ADJ_IDX   6
     71          #define MAC_CC2592_HGM_RSSI_ADJ_IDX    7
     72          #define MAC_CC2592_LGM_RSSI_ADJ_IDX    8   
     73          
     74          /* Set of indices when only one of either MAC_RUNTIME_CC2590
     75           * or MAC_RUNTIME_CC2591 or MAC_RUNTIME_SE2431L was configured in the build.
     76           */
     77          #define MAC_CC259X_TX_PWR_TABLE_IDX  1
     78          #define MAC_CC259X_HGM_RSSI_ADJ_IDX  1
     79          #define MAC_CC259X_LGM_RSSI_ADJ_IDX  2
     80          
     81          
     82          /* Set of indices when only one one of HAL_PA_LNA or HAL_PA_LNA_CC2592
     83           * HAL_PA_LNA_CC2590 or HAL_PA_LNA_SE2431L was configured in the build
     84           */
     85          #define MAC_PA_LNA_HGM_RSSI_ADJ_IDX 0
     86          #define MAC_PA_LNA_LGM_RSSI_ADJ_IDX 1
     87          
     88          /* ------------------------------------------------------------------------------------------------
     89           *                                           MACROS
     90           * ------------------------------------------------------------------------------------------------
     91           */
     92          
     93          /* ------------------------------------------------------------------------------------------------
     94           *                                       Function Prototypes
     95           * ------------------------------------------------------------------------------------------------
     96           */
     97          void MAC_RfFrontendSetup(void);
     98          
     99          /**************************************************************************************************
    100           * @fn          MAC_RfFrontendSetup
    101           *
    102           * @brief       Setup RF frontend.
    103           *
    104           * @param       none
    105           *
    106           * @return      none
    107           **************************************************************************************************
    108           */

   \                                 In  segment BANKED_CODE, align 1, keep-with-next
    109          void MAC_RfFrontendSetup(void)
   \                     MAC_RfFrontendSetup:
    110          {
   \   000000   C082         PUSH    DPL
   \   000002   C083         PUSH    DPH
   \   000004                ; Saved register size: 2
   \   000004                ; Auto size: 0
    111            /* Select power register value table and RSSI adjustment value table */
    112            #if (defined MAC_RUNTIME_CC2591 && defined MAC_RUNTIME_CC2590 && \
    113                 defined MAC_RUNTIME_SE2431L && defined MAC_RUNTIME_CC2592  )
    114            /* Select power register value table and RSSI adjustment value table.
    115             * Note that this file selected CC2591. The file has to be modified
    116             * if the target board has CC2590 instead.
    117             */
    118            MAC_SetRadioRegTable(MAC_SE2431L_TX_PWR_TABLE_IDX, MAC_SE2431L_HGM_RSSI_ADJ_IDX);
    119          
    120            #elif defined (MAC_RUNTIME_CC2591) || defined (MAC_RUNTIME_CC2590) || \
    121                  defined (MAC_RUNTIME_SE2431L) || defined (MAC_RUNTIME_CC2592)
    122            /* Select power register value table and RSSI adjustment value table */
    123            MAC_SetRadioRegTable(MAC_CC259X_TX_PWR_TABLE_IDX, MAC_CC259X_HGM_RSSI_ADJ_IDX);
    124          
    125            #elif defined (HAL_PA_LNA) || defined (HAL_PA_LNA_CC2590) || \
    126                  defined (HAL_PA_LNA_SE2431L) || defined (HAL_PA_LNA_CC2592)
    127            /* For LGM just call the same with MAC_PA_LNA_LGM_RSSI_ADJ_IDX */
    128            MAC_SetRadioRegTable(0,  MAC_PA_LNA_HGM_RSSI_ADJ_IDX);
    129            #else
    130            MAC_SetRadioRegTable(0,  MAC_PA_LNA_HGM_RSSI_ADJ_IDX);
   \   000004                ; Setup parameters for call to function MAC_SetRadioRegTable
   \   000004   7A00         MOV     R2,#0x0
   \   000006   7900         MOV     R1,#0x0
   \   000008   12....       LCALL   `??MAC_SetRadioRegTable::?relay`; Banked call to: MAC_SetRadioRegTable
    131            #endif
    132          
    133            HAL_PA_LNA_RX_HGM();
   \   00000B   D287         SETB    0x80.7
    134            
    135            /* Raises the CCA threshold to about -70 dBm input level. */
    136            CCACTRL0 = CCA_THR_HGM;
   \   00000D   906196       MOV     DPTR,#0x6196
   \   000010   7406         MOV     A,#0x6
   \   000012   F0           MOVX    @DPTR,A
    137          }
   \   000013   D083         POP     DPH
   \   000015   D082         POP     DPL
   \   000017   02....       LJMP    ?BRET
   \   00001A                REQUIRE _A_P0

   \                                 In  segment BANK_RELAYS, align 1
   \                     `??MAC_RfFrontendSetup::?relay`:
   \   000000   12....       LCALL   ?BDISPATCH
   \   000003   ......       DC24    MAC_RfFrontendSetup
    138            
    139          
    140          /**************************************************************************************************
    141           */

   Maximum stack usage in bytes:

   ISTACK Function
   ------ --------
      2   MAC_RfFrontendSetup
        2   -> MAC_SetRadioRegTable


   Segment part sizes:

   Bytes  Function/Label
   -----  --------------
      26  MAC_RfFrontendSetup
       6  MAC_RfFrontendSetup::?relay
       1  _A_P0

 
 26 bytes in segment BANKED_CODE
  6 bytes in segment BANK_RELAYS
  1 byte  in segment SFR_AN
 
 32 bytes of CODE memory
  0 bytes of DATA memory (+ 1 byte shared)

Errors: none
Warnings: none
